// Jest Snapshot v1, https://goo.gl/fbAQLP

exports[`should match snapshot 1`] = `
<DocumentFragment>
  <div
    class="ingredient_card_holder"
  >
    Loading...
  </div>
</DocumentFragment>
`;
